Sun Mar 19 01:42:29 UTC 2023
Sat Apr 8 01:17:32 UTC 2023
Sun Apr 9 01:22:46 UTC 2023
Mon Apr 10 01:20:11 UTC 2023
Tue Apr 11 01:20:28 UTC 2023
Wed Apr 12 01:21:05 UTC 2023
Thu Apr 13 01:19:20 UTC 2023
Fri Apr 14 01:20:41 UTC 2023
Sat Apr 15 01:22:46 UTC 2023
Sun Apr 16 01:25:44 UTC 2023
Mon Apr 17 01:22:00 UTC 2023
Tue Apr 18 01:20:29 UTC 2023
Wed Apr 19 01:22:38 UTC 2023
Thu Apr 20 01:19:45 UTC 2023
Fri Apr 21 01:20:40 UTC 2023
Sat Apr 22 01:21:41 UTC 2023
Sun Apr 23 01:37:00 UTC 2023
Mon Apr 24 01:11:42 UTC 2023
Fri Apr 28 01:10:25 UTC 2023
Sat Apr 29 01:09:32 UTC 2023
Sun Apr 30 01:14:58 UTC 2023
Mon May 1 01:13:51 UTC 2023
Wed May 3 00:41:13 UTC 2023
Thu May 4 00:41:35 UTC 2023
Fri May 5 00:38:19 UTC 2023
Sat May 6 00:38:17 UTC 2023
Sun May 7 00:43:48 UTC 2023
Mon May 8 00:40:47 UTC 2023
Tue May 9 00:42:16 UTC 2023
Wed May 10 00:41:15 UTC 2023
Thu May 11 00:41:11 UTC 2023
Fri May 12 00:41:35 UTC 2023
Sat May 13 00:39:36 UTC 2023
Sun May 14 00:44:22 UTC 2023
Mon May 15 00:42:39 UTC 2023
Tue May 16 00:41:48 UTC 2023
Wed May 17 00:44:18 UTC 2023
Thu May 18 00:41:09 UTC 2023
Fri May 19 00:42:24 UTC 2023
Sat May 20 00:39:33 UTC 2023
Sun May 21 00:44:39 UTC 2023
Mon May 22 00:43:55 UTC 2023
Tue May 23 00:42:42 UTC 2023
Wed May 24 00:42:48 UTC 2023
Thu May 25 00:41:20 UTC 2023
Fri May 26 00:42:31 UTC 2023
Sat May 27 00:43:28 UTC 2023
Sun May 28 00:46:23 UTC 2023
Mon May 29 00:43:48 UTC 2023
Tue May 30 00:43:47 UTC 2023
Wed May 31 00:50:08 UTC 2023
Thu Jun 1 00:59:42 UTC 2023
Fri Jun 2 00:49:32 UTC 2023
Sat Jun 3 00:46:30 UTC 2023
Sun Jun 4 00:56:31 UTC 2023
Mon Jun 5 00:48:16 UTC 2023
Tue Jun 6 00:50:00 UTC 2023
Wed Jun 7 00:52:10 UTC 2023
Thu Jun 8 00:48:18 UTC 2023
Fri Jun 9 00:52:24 UTC 2023
Sat Jun 10 00:45:05 UTC 2023
Sun Jun 11 00:53:30 UTC 2023
Mon Jun 12 00:51:50 UTC 2023
Tue Jun 13 00:47:43 UTC 2023
Wed Jun 14 00:45:52 UTC 2023
Thu Jun 15 00:47:09 UTC 2023
Fri Jun 16 00:47:52 UTC 2023
Sat Jun 17 00:44:05 UTC 2023
Sun Jun 18 00:53:31 UTC 2023
Mon Jun 19 00:46:50 UTC 2023
Tue Jun 20 00:45:02 UTC 2023
Wed Jun 21 00:48:08 UTC 2023
Thu Jun 22 00:46:54 UTC 2023
Fri Jun 23 00:53:25 UTC 2023
Sat Jun 24 00:53:15 UTC 2023
Sun Jun 25 00:58:09 UTC 2023
Mon Jun 26 00:55:37 UTC 2023
Tue Jun 27 00:54:35 UTC 2023
Wed Jun 28 00:56:05 UTC 2023
Thu Jun 29 00:52:52 UTC 2023
Fri Jun 30 00:50:57 UTC 2023
Sat Jul 1 00:58:08 UTC 2023
Sun Jul 2 00:56:02 UTC 2023
Mon Jul 3 00:54:27 UTC 2023
Tue Jul 4 00:55:23 UTC 2023
Wed Jul 5 00:55:21 UTC 2023
Thu Jul 6 00:55:54 UTC 2023
Fri Jul 7 00:56:20 UTC 2023
Sat Jul 8 00:55:12 UTC 2023
Sun Jul 9 00:58:17 UTC 2023
Mon Jul 10 00:55:34 UTC 2023
Tue Jul 11 00:47:32 UTC 2023
Wed Jul 12 00:54:19 UTC 2023
Thu Jul 13 00:56:47 UTC 2023
Fri Jul 14 00:54:57 UTC 2023
Sat Jul 15 00:54:31 UTC 2023
Sun Jul 16 01:00:46 UTC 2023
Mon Jul 17 00:57:02 UTC 2023
Tue Jul 18 01:10:59 UTC 2023
Wed Jul 19 01:24:12 UTC 2023
Thu Jul 20 00:46:41 UTC 2023
Fri Jul 21 00:45:46 UTC 2023
Sat Jul 22 00:45:47 UTC 2023
Sun Jul 23 00:50:40 UTC 2023
Mon Jul 24 00:47:00 UTC 2023
Tue Jul 25 00:50:58 UTC 2023
Wed Jul 26 00:50:37 UTC 2023
Thu Jul 27 00:41:26 UTC 2023
Fri Jul 28 00:41:43 UTC 2023
Sat Jul 29 00:42:48 UTC 2023
Sun Jul 30 00:45:39 UTC 2023
Mon Jul 31 00:46:26 UTC 2023
Tue Aug 1 00:49:01 UTC 2023
Wed Aug 2 00:43:48 UTC 2023
Thu Aug 3 00:44:04 UTC 2023
Fri Aug 4 00:44:06 UTC 2023
Sat Aug 5 00:42:22 UTC 2023
Sun Aug 6 00:39:48 UTC 2023
Mon Aug 7 00:43:58 UTC 2023
Tue Aug 8 00:42:40 UTC 2023
Wed Aug 9 00:43:59 UTC 2023
Thu Aug 10 00:45:33 UTC 2023
Fri Aug 11 00:34:52 UTC 2023
Sat Aug 12 00:34:06 UTC 2023
Sun Aug 13 00:37:08 UTC 2023
Mon Aug 14 00:36:03 UTC 2023
Tue Aug 15 00:35:23 UTC 2023
Wed Aug 16 00:35:09 UTC 2023
Thu Aug 17 00:34:34 UTC 2023
Fri Aug 18 00:34:49 UTC 2023
Sat Aug 19 00:33:32 UTC 2023
Sun Aug 20 00:37:08 UTC 2023
Mon Aug 21 00:35:35 UTC 2023
Tue Aug 22 00:35:55 UTC 2023
Wed Aug 23 00:35:24 UTC 2023
Thu Aug 24 00:35:23 UTC 2023
Fri Aug 25 00:35:56 UTC 2023
Sat Aug 26 00:34:24 UTC 2023
Sun Aug 27 00:38:01 UTC 2023
Mon Aug 28 00:36:45 UTC 2023
Tue Aug 29 00:36:24 UTC 2023
Wed Aug 30 00:36:04 UTC 2023
Thu Aug 31 00:36:20 UTC 2023
Fri Sep 1 00:38:56 UTC 2023
Sat Sep 2 00:34:56 UTC 2023
Sun Sep 3 00:38:09 UTC 2023
Mon Sep 4 00:36:51 UTC 2023
Tue Sep 5 00:35:47 UTC 2023
Wed Sep 6 00:36:16 UTC 2023
Thu Sep 7 00:35:52 UTC 2023
Fri Sep 8 00:35:57 UTC 2023
Sat Sep 9 00:35:11 UTC 2023
Sun Sep 10 00:38:33 UTC 2023
Mon Sep 11 00:36:48 UTC 2023
Tue Sep 12 00:35:05 UTC 2023
Wed Sep 13 00:36:38 UTC 2023
Thu Sep 14 00:36:26 UTC 2023
Fri Sep 15 00:36:47 UTC 2023
Sat Sep 16 00:35:35 UTC 2023
Sun Sep 17 00:38:55 UTC 2023
Mon Sep 18 00:36:56 UTC 2023
Tue Sep 19 00:37:12 UTC 2023
Wed Sep 20 00:36:40 UTC 2023
Thu Sep 21 00:36:39 UTC 2023
Fri Sep 22 00:36:57 UTC 2023
Sat Sep 23 00:35:28 UTC 2023
Sun Sep 24 00:39:03 UTC 2023
Mon Sep 25 00:37:18 UTC 2023
Tue Sep 26 00:37:27 UTC 2023
Wed Sep 27 00:37:30 UTC 2023
Thu Sep 28 00:36:53 UTC 2023
Fri Sep 29 00:37:02 UTC 2023
Sat Sep 30 00:36:05 UTC 2023
Sun Oct 1 00:42:24 UTC 2023
Mon Oct 2 00:37:30 UTC 2023
Tue Oct 3 00:37:32 UTC 2023
Wed Oct 4 00:37:45 UTC 2023
Thu Oct 5 00:37:03 UTC 2023
Fri Oct 6 00:37:11 UTC 2023
Sat Oct 7 00:36:37 UTC 2023
Sun Oct 8 00:40:01 UTC 2023
Mon Oct 9 00:37:33 UTC 2023
Tue Oct 10 00:37:03 UTC 2023
Wed Oct 11 00:36:59 UTC 2023
Thu Oct 12 00:35:28 UTC 2023
Fri Oct 13 00:38:08 UTC 2023
Sat Oct 14 00:36:10 UTC 2023
Sun Oct 15 00:40:15 UTC 2023
Mon Oct 16 00:38:09 UTC 2023
Tue Oct 17 00:37:35 UTC 2023
Wed Oct 18 00:37:26 UTC 2023
Thu Oct 19 00:37:11 UTC 2023
Fri Oct 20 00:37:12 UTC 2023
Sat Oct 21 00:35:56 UTC 2023
Sun Oct 22 00:40:05 UTC 2023
Mon Oct 23 00:37:31 UTC 2023
Tue Oct 24 00:37:14 UTC 2023
Wed Oct 25 00:37:07 UTC 2023
Thu Oct 26 00:36:18 UTC 2023
Fri Oct 27 00:36:45 UTC 2023
Sat Oct 28 00:35:47 UTC 2023
Sun Oct 29 00:39:41 UTC 2023
Mon Oct 30 00:37:58 UTC 2023
Tue Oct 31 00:37:38 UTC 2023
Wed Nov 1 00:39:51 UTC 2023
Thu Nov 2 00:37:17 UTC 2023
Fri Nov 3 00:37:29 UTC 2023
Sat Nov 4 00:37:07 UTC 2023
Sun Nov 5 00:40:36 UTC 2023
Mon Nov 6 00:38:48 UTC 2023
Tue Nov 7 00:38:15 UTC 2023
Wed Nov 8 00:37:47 UTC 2023
Thu Nov 9 00:37:41 UTC 2023
Fri Nov 10 00:37:55 UTC 2023
Sat Nov 11 00:37:17 UTC 2023
Sun Nov 12 00:40:59 UTC 2023
Mon Nov 13 00:39:20 UTC 2023
Tue Nov 14 00:38:09 UTC 2023
Wed Nov 15 00:38:53 UTC 2023
Thu Nov 16 00:39:34 UTC 2023
Fri Nov 17 00:39:22 UTC 2023
Sat Nov 18 00:38:23 UTC 2023
Sun Nov 19 00:42:22 UTC 2023
Mon Nov 20 00:40:04 UTC 2023
Tue Nov 21 00:40:07 UTC 2023
Wed Nov 22 00:41:10 UTC 2023
Thu Nov 23 00:39:24 UTC 2023
Fri Nov 24 00:38:18 UTC 2023
Sat Nov 25 00:37:28 UTC 2023
Sun Nov 26 00:41:52 UTC 2023
Mon Nov 27 00:39:44 UTC 2023
Tue Nov 28 00:40:03 UTC 2023
Wed Nov 29 00:40:13 UTC 2023
Thu Nov 30 00:39:33 UTC 2023
Fri Dec 1 00:43:22 UTC 2023
Sat Dec 2 00:38:22 UTC 2023
Sun Dec 3 00:42:07 UTC 2023
Mon Dec 4 00:40:15 UTC 2023
Tue Dec 5 00:40:13 UTC 2023
Wed Dec 6 00:40:13 UTC 2023
Thu Dec 7 00:39:39 UTC 2023
Fri Dec 8 00:40:00 UTC 2023
Sat Dec 9 00:38:43 UTC 2023
Sun Dec 10 00:42:47 UTC 2023
Mon Dec 11 00:40:32 UTC 2023
Tue Dec 12 00:40:12 UTC 2023
Wed Dec 13 00:39:43 UTC 2023
Thu Dec 14 00:39:09 UTC 2023
Fri Dec 15 00:40:16 UTC 2023
Sat Dec 16 00:39:06 UTC 2023
Sun Dec 17 00:42:54 UTC 2023
Mon Dec 18 00:40:44 UTC 2023
Tue Dec 19 00:39:53 UTC 2023
Wed Dec 20 00:32:27 UTC 2023
Thu Dec 21 00:39:03 UTC 2023
Fri Dec 22 00:38:47 UTC 2023
Sat Dec 23 00:37:28 UTC 2023
Sun Dec 24 00:41:57 UTC 2023
Mon Dec 25 00:39:53 UTC 2023
Tue Dec 26 00:38:05 UTC 2023
Wed Dec 27 00:38:07 UTC 2023
Thu Dec 28 00:37:55 UTC 2023
Fri Dec 29 00:31:48 UTC 2023
Sat Dec 30 00:38:01 UTC 2023
Sun Dec 31 00:42:22 UTC 2023
Mon Jan 1 00:43:34 UTC 2024
Tue Jan 2 00:38:40 UTC 2024
Wed Jan 3 00:39:17 UTC 2024
Thu Jan 4 00:39:38 UTC 2024
Fri Jan 5 00:39:42 UTC 2024
Sat Jan 6 00:39:14 UTC 2024
Sun Jan 7 00:43:32 UTC 2024
Mon Jan 8 00:41:06 UTC 2024
Tue Jan 9 00:40:29 UTC 2024
Wed Jan 10 00:40:22 UTC 2024
Thu Jan 11 00:40:31 UTC 2024
Fri Jan 12 00:40:24 UTC 2024
Sat Jan 13 00:39:47 UTC 2024
Sun Jan 14 00:43:48 UTC 2024
Mon Jan 15 00:42:09 UTC 2024
Tue Jan 16 00:40:05 UTC 2024
Wed Jan 17 00:40:35 UTC 2024
Thu Jan 18 00:40:10 UTC 2024
Fri Jan 19 00:40:35 UTC 2024
Sat Jan 20 00:39:43 UTC 2024
Sun Jan 21 00:43:53 UTC 2024
Mon Jan 22 00:42:27 UTC 2024
Tue Jan 23 00:41:28 UTC 2024
Wed Jan 24 00:41:03 UTC 2024
Thu Jan 25 00:41:00 UTC 2024
Fri Jan 26 00:38:08 UTC 2024
Sat Jan 27 00:37:43 UTC 2024
Sun Jan 28 00:40:14 UTC 2024
Mon Jan 29 00:37:42 UTC 2024
Tue Jan 30 00:37:36 UTC 2024
Wed Jan 31 00:37:47 UTC 2024
Thu Feb 1 00:39:32 UTC 2024
Fri Feb 2 00:37:55 UTC 2024
Sat Feb 3 00:37:25 UTC 2024
Sun Feb 4 00:40:52 UTC 2024
Mon Feb 5 00:38:59 UTC 2024
Tue Feb 6 00:37:04 UTC 2024
Wed Feb 7 00:35:58 UTC 2024
Thu Feb 8 00:37:07 UTC 2024
Fri Feb 9 00:36:38 UTC 2024
Sat Feb 10 00:36:17 UTC 2024
Sun Feb 11 00:40:44 UTC 2024
Mon Feb 12 00:38:05 UTC 2024
Tue Feb 13 00:38:08 UTC 2024
Wed Feb 14 00:37:57 UTC 2024
Thu Feb 15 00:37:55 UTC 2024
Fri Feb 16 00:36:53 UTC 2024
Sat Feb 17 00:36:59 UTC 2024
Sun Feb 18 00:40:17 UTC 2024
Mon Feb 19 00:38:38 UTC 2024
Tue Feb 20 00:36:58 UTC 2024
Wed Feb 21 00:37:45 UTC 2024
Thu Feb 22 00:37:09 UTC 2024
Fri Feb 23 00:36:56 UTC 2024
Sat Feb 24 00:35:27 UTC 2024
Sun Feb 25 00:40:29 UTC 2024
Mon Feb 26 00:38:43 UTC 2024
Tue Feb 27 00:36:54 UTC 2024
Wed Feb 28 00:36:41 UTC 2024
Thu Feb 29 00:37:11 UTC 2024
Fri Mar 1 00:41:48 UTC 2024
Sat Mar 2 00:36:25 UTC 2024
Sun Mar 3 00:39:43 UTC 2024
Mon Mar 4 00:38:14 UTC 2024
Tue Mar 5 00:37:16 UTC 2024
Wed Mar 6 00:37:38 UTC 2024
Thu Mar 7 00:30:35 UTC 2024
Fri Mar 8 00:37:31 UTC 2024
Sat Mar 9 00:36:03 UTC 2024
Sun Mar 10 00:40:34 UTC 2024
Mon Mar 11 00:38:45 UTC 2024
Tue Mar 12 00:37:00 UTC 2024
Wed Mar 13 00:37:59 UTC 2024
Thu Mar 14 00:36:58 UTC 2024
Fri Mar 15 00:37:50 UTC 2024
Sat Mar 16 00:36:10 UTC 2024
Sun Mar 17 00:40:29 UTC 2024
Mon Mar 18 00:38:45 UTC 2024
Tue Mar 19 00:37:31 UTC 2024
Wed Mar 20 00:37:26 UTC 2024
Thu Mar 21 00:39:04 UTC 2024
Fri Mar 22 00:37:21 UTC 2024
Sat Mar 23 00:36:45 UTC 2024
Sun Mar 24 00:42:20 UTC 2024
Mon Mar 25 00:39:14 UTC 2024
Tue Mar 26 00:37:40 UTC 2024
Wed Mar 27 00:37:33 UTC 2024
Thu Mar 28 00:38:12 UTC 2024
Fri Mar 29 00:37:40 UTC 2024
Sat Mar 30 00:36:38 UTC 2024
Sun Mar 31 00:42:16 UTC 2024
Mon Apr 1 00:42:28 UTC 2024
Tue Apr 2 00:39:19 UTC 2024
Wed Apr 3 00:37:33 UTC 2024
Thu Apr 4 00:39:26 UTC 2024
Fri Apr 5 00:38:41 UTC 2024
Sat Apr 6 00:37:22 UTC 2024
Sun Apr 7 00:42:23 UTC 2024
Mon Apr 8 00:39:33 UTC 2024
Tue Apr 9 00:38:33 UTC 2024
Wed Apr 10 00:38:04 UTC 2024
Thu Apr 11 00:38:49 UTC 2024
Fri Apr 12 00:38:50 UTC 2024
Sat Apr 13 00:32:39 UTC 2024
Sun Apr 14 00:45:15 UTC 2024
Mon Apr 15 03:06:51 UTC 2024
Tue Apr 16 00:38:06 UTC 2024
Wed Apr 17 00:38:56 UTC 2024
Thu Apr 18 00:38:06 UTC 2024
Fri Apr 19 00:38:35 UTC 2024
Sat Apr 20 00:39:04 UTC 2024
Sun Apr 21 00:42:01 UTC 2024
Mon Apr 22 00:40:23 UTC 2024
Tue Apr 23 00:39:14 UTC 2024
Wed Apr 24 00:38:42 UTC 2024
Thu Apr 25 01:00:59 UTC 2024
Fri Apr 26 00:39:02 UTC 2024
Sat Apr 27 00:38:41 UTC 2024
Sun Apr 28 00:42:37 UTC 2024
Mon Apr 29 00:39:59 UTC 2024
Tue Apr 30 00:38:32 UTC 2024
Wed May 1 00:42:28 UTC 2024
Thu May 2 00:38:55 UTC 2024
Fri May 3 00:41:32 UTC 2024
Sat May 4 00:38:56 UTC 2024
Sun May 5 00:42:19 UTC 2024
Mon May 6 00:40:27 UTC 2024
Tue May 7 00:39:37 UTC 2024
Wed May 8 00:33:00 UTC 2024
Thu May 9 00:39:59 UTC 2024
Fri May 10 00:39:46 UTC 2024
Sat May 11 00:39:10 UTC 2024
Sun May 12 00:43:38 UTC 2024
Mon May 13 00:41:27 UTC 2024
Tue May 14 00:40:03 UTC 2024
Wed May 15 00:40:13 UTC 2024
Thu May 16 00:39:59 UTC 2024
Fri May 17 00:40:32 UTC 2024
Sat May 18 00:39:57 UTC 2024
Sun May 19 00:43:42 UTC 2024
Mon May 20 00:41:12 UTC 2024
Tue May 21 00:40:42 UTC 2024
Wed May 22 00:40:35 UTC 2024
Thu May 23 00:40:20 UTC 2024
Fri May 24 00:40:50 UTC 2024
Sat May 25 00:39:34 UTC 2024
Sun May 26 00:44:10 UTC 2024
Mon May 27 00:41:49 UTC 2024
Tue May 28 00:40:54 UTC 2024
Wed May 29 00:44:07 UTC 2024
Thu May 30 00:41:06 UTC 2024
Fri May 31 00:41:55 UTC 2024
Sat Jun 1 00:44:01 UTC 2024
Sun Jun 2 00:44:26 UTC 2024
Mon Jun 3 00:42:24 UTC 2024
Tue Jun 4 00:41:38 UTC 2024
Wed Jun 5 00:41:08 UTC 2024
Thu Jun 6 00:41:16 UTC 2024
Fri Jun 7 00:42:37 UTC 2024
Sat Jun 8 00:41:52 UTC 2024
Sun Jun 9 00:46:31 UTC 2024
Mon Jun 10 00:43:28 UTC 2024
Tue Jun 11 00:41:58 UTC 2024
Wed Jun 12 00:42:22 UTC 2024
Thu Jun 13 00:41:59 UTC 2024
Fri Jun 14 00:41:48 UTC 2024
Sat Jun 15 00:41:39 UTC 2024
Sun Jun 16 00:46:06 UTC 2024
Mon Jun 17 00:43:52 UTC 2024
Tue Jun 18 00:42:45 UTC 2024
Wed Jun 19 00:42:34 UTC 2024
Thu Jun 20 00:41:17 UTC 2024
Fri Jun 21 00:41:37 UTC 2024
Sat Jun 22 00:41:31 UTC 2024
Sun Jun 23 00:45:36 UTC 2024
Mon Jun 24 00:43:52 UTC 2024
Tue Jun 25 00:42:02 UTC 2024
Wed Jun 26 00:42:10 UTC 2024
Thu Jun 27 00:42:30 UTC 2024
Fri Jun 28 00:42:28 UTC 2024
Sat Jun 29 00:41:36 UTC 2024
Sun Jun 30 00:47:10 UTC 2024
Mon Jul 1 00:49:22 UTC 2024
Tue Jul 2 00:42:40 UTC 2024
Wed Jul 3 00:42:36 UTC 2024
Thu Jul 4 00:42:52 UTC 2024
Fri Jul 5 00:42:22 UTC 2024
Sat Jul 6 00:41:24 UTC 2024
Sun Jul 7 00:47:40 UTC 2024
Mon Jul 8 00:44:34 UTC 2024
Tue Jul 9 00:43:07 UTC 2024
Wed Jul 10 00:43:46 UTC 2024
Thu Jul 11 00:43:48 UTC 2024
Fri Jul 12 00:43:28 UTC 2024
Sat Jul 13 00:43:40 UTC 2024
Sun Jul 14 00:48:28 UTC 2024
Mon Jul 15 00:45:35 UTC 2024
Tue Jul 16 00:44:02 UTC 2024
Wed Jul 17 00:44:06 UTC 2024
Thu Jul 18 00:43:09 UTC 2024
Fri Jul 19 12:38:02 UTC 2024
Sat Jul 20 00:42:44 UTC 2024
Sun Jul 21 00:48:21 UTC 2024
Mon Jul 22 00:45:46 UTC 2024
Tue Jul 23 00:44:09 UTC 2024
Wed Jul 24 00:44:52 UTC 2024
Thu Jul 25 00:43:48 UTC 2024
Fri Jul 26 00:43:26 UTC 2024
Sat Jul 27 00:43:22 UTC 2024
Sun Jul 28 00:48:48 UTC 2024
Mon Jul 29 00:45:50 UTC 2024
Tue Jul 30 00:44:05 UTC 2024
Wed Jul 31 00:37:01 UTC 2024
Thu Aug 1 00:49:41 UTC 2024
Fri Aug 2 00:44:12 UTC 2024
Sat Aug 3 00:43:22 UTC 2024
Sun Aug 4 00:49:08 UTC 2024
Mon Aug 5 00:46:20 UTC 2024
Tue Aug 6 00:44:18 UTC 2024
Wed Aug 7 00:44:55 UTC 2024
Thu Aug 8 00:44:42 UTC 2024
Fri Aug 9 00:45:23 UTC 2024
Sat Aug 10 00:44:48 UTC 2024
Sun Aug 11 00:50:03 UTC 2024
Mon Aug 12 00:46:52 UTC 2024
Tue Aug 13 00:46:03 UTC 2024
Wed Aug 14 00:45:02 UTC 2024
Thu Aug 15 00:43:04 UTC 2024
Fri Aug 16 00:44:21 UTC 2024
Sat Aug 17 00:43:19 UTC 2024
Sun Aug 18 00:48:59 UTC 2024
Mon Aug 19 00:45:56 UTC 2024
Tue Aug 20 00:44:34 UTC 2024
Wed Aug 21 00:44:23 UTC 2024
Thu Aug 22 00:45:53 UTC 2024
Fri Aug 23 00:44:54 UTC 2024
Sat Aug 24 00:43:47 UTC 2024
Sun Aug 25 00:50:19 UTC 2024
Mon Aug 26 00:45:56 UTC 2024
Tue Aug 27 00:46:06 UTC 2024
Wed Aug 28 00:46:19 UTC 2024
Thu Aug 29 00:46:46 UTC 2024
Fri Aug 30 00:47:15 UTC 2024
Sat Aug 31 00:46:52 UTC 2024
Sun Sep 1 00:56:25 UTC 2024
Mon Sep 2 00:49:27 UTC 2024
Tue Sep 3 00:46:45 UTC 2024
Wed Sep 4 00:47:41 UTC 2024
Thu Sep 5 00:47:30 UTC 2024
Fri Sep 6 00:47:30 UTC 2024
Sat Sep 7 00:46:32 UTC 2024
Sun Sep 8 00:52:49 UTC 2024
Mon Sep 9 00:50:34 UTC 2024
Tue Sep 10 00:48:47 UTC 2024
Wed Sep 11 00:47:46 UTC 2024
Thu Sep 12 00:48:17 UTC 2024
Fri Sep 13 00:48:18 UTC 2024
Sat Sep 14 00:47:27 UTC 2024
Sun Sep 15 00:54:37 UTC 2024
Mon Sep 16 00:52:12 UTC 2024
Tue Sep 17 00:39:52 UTC 2024
Wed Sep 18 00:48:30 UTC 2024
Thu Sep 19 00:49:48 UTC 2024
Fri Sep 20 00:49:44 UTC 2024
Sat Sep 21 00:48:15 UTC 2024
Sun Sep 22 00:54:54 UTC 2024
Mon Sep 23 00:51:29 UTC 2024
Tue Sep 24 00:51:14 UTC 2024
Wed Sep 25 00:52:00 UTC 2024
Thu Sep 26 00:50:48 UTC 2024
Fri Sep 27 00:51:12 UTC 2024
Sat Sep 28 00:50:46 UTC 2024
Sun Sep 29 00:55:42 UTC 2024
Mon Sep 30 00:53:17 UTC 2024
Tue Oct 1 00:56:24 UTC 2024
Wed Oct 2 00:51:18 UTC 2024
Thu Oct 3 00:51:17 UTC 2024
Fri Oct 4 00:51:18 UTC 2024
Sat Oct 5 00:50:42 UTC 2024
Sun Oct 6 00:55:21 UTC 2024
Mon Oct 7 00:53:06 UTC 2024
Tue Oct 8 00:51:04 UTC 2024
Wed Oct 9 00:50:57 UTC 2024
Thu Oct 10 00:51:03 UTC 2024
Fri Oct 11 00:51:09 UTC 2024
Sat Oct 12 00:49:56 UTC 2024
Sun Oct 13 00:54:57 UTC 2024
Mon Oct 14 00:53:05 UTC 2024
Tue Oct 15 00:52:08 UTC 2024
Wed Oct 16 00:51:57 UTC 2024
Thu Oct 17 00:51:24 UTC 2024
Fri Oct 18 00:51:37 UTC 2024
Sat Oct 19 00:50:59 UTC 2024
Sun Oct 20 00:56:09 UTC 2024
Mon Oct 21 00:53:32 UTC 2024
Tue Oct 22 00:52:18 UTC 2024
Wed Oct 23 00:51:17 UTC 2024
Thu Oct 24 00:51:29 UTC 2024
Fri Oct 25 00:51:52 UTC 2024
Sat Oct 26 00:50:23 UTC 2024
Sun Oct 27 00:55:35 UTC 2024
Mon Oct 28 00:54:14 UTC 2024
Tue Oct 29 00:53:01 UTC 2024
Wed Oct 30 00:52:13 UTC 2024
Thu Oct 31 00:52:35 UTC 2024
Fri Nov 1 00:56:22 UTC 2024
Sat Nov 2 00:51:01 UTC 2024
Sun Nov 3 00:55:48 UTC 2024
Mon Nov 4 00:53:38 UTC 2024
Tue Nov 5 00:50:47 UTC 2024
Wed Nov 6 00:50:55 UTC 2024
Thu Nov 7 00:51:03 UTC 2024
Fri Nov 8 00:50:44 UTC 2024
Sat Nov 9 00:49:17 UTC 2024
Sun Nov 10 00:54:15 UTC 2024
Mon Nov 11 00:52:19 UTC 2024
Tue Nov 12 00:50:22 UTC 2024
Wed Nov 13 00:51:26 UTC 2024
Thu Nov 14 00:51:25 UTC 2024
Fri Nov 15 00:54:27 UTC 2024
Sat Nov 16 00:53:16 UTC 2024
Sun Nov 17 00:57:28 UTC 2024
Mon Nov 18 00:55:55 UTC 2024
Tue Nov 19 00:54:26 UTC 2024
Wed Nov 20 00:54:02 UTC 2024
Thu Nov 21 00:53:53 UTC 2024
Fri Nov 22 00:54:48 UTC 2024
Sat Nov 23 00:52:30 UTC 2024
Sun Nov 24 00:57:54 UTC 2024
Mon Nov 25 00:55:41 UTC 2024
Tue Nov 26 00:54:50 UTC 2024
Wed Nov 27 00:55:15 UTC 2024
Thu Nov 28 00:55:31 UTC 2024
Fri Nov 29 00:55:23 UTC 2024
Sat Nov 30 00:53:57 UTC 2024
Sun Dec 1 01:05:00 UTC 2024
Mon Dec 2 00:57:46 UTC 2024
Tue Dec 3 00:56:49 UTC 2024
Wed Dec 4 00:56:45 UTC 2024
Thu Dec 5 00:56:35 UTC 2024
Fri Dec 6 00:56:04 UTC 2024
Sat Dec 7 00:55:37 UTC 2024
Sun Dec 8 01:00:43 UTC 2024
Mon Dec 9 00:58:07 UTC 2024
Tue Dec 10 00:57:28 UTC 2024
Wed Dec 11 00:56:34 UTC 2024
Thu Dec 12 00:56:20 UTC 2024
Fri Dec 13 00:57:20 UTC 2024
Sat Dec 14 00:54:56 UTC 2024
Sun Dec 15 01:00:53 UTC 2024
Mon Dec 16 00:58:37 UTC 2024
Tue Dec 17 00:56:45 UTC 2024
Wed Dec 18 00:54:24 UTC 2024
Thu Dec 19 00:54:44 UTC 2024
Fri Dec 20 00:52:03 UTC 2024
Sat Dec 21 00:51:20 UTC 2024
Sun Dec 22 00:57:27 UTC 2024
Mon Dec 23 00:53:27 UTC 2024
Tue Dec 24 00:52:01 UTC 2024
Wed Dec 25 00:51:29 UTC 2024
Thu Dec 26 00:51:32 UTC 2024
Fri Dec 27 00:51:57 UTC 2024
Sat Dec 28 00:50:51 UTC 2024
Sun Dec 29 00:57:00 UTC 2024
Mon Dec 30 00:53:53 UTC 2024
Tue Dec 31 00:51:47 UTC 2024
Wed Jan 1 00:56:56 UTC 2025
Thu Jan 2 00:51:32 UTC 2025
Fri Jan 3 00:52:04 UTC 2025
Sat Jan 4 00:50:56 UTC 2025
Sun Jan 5 00:56:27 UTC 2025
Mon Jan 6 00:54:39 UTC 2025
Tue Jan 7 00:52:36 UTC 2025
Wed Jan 8 00:52:26 UTC 2025
Thu Jan 9 00:52:11 UTC 2025
Fri Jan 10 00:53:34 UTC 2025
Sat Jan 11 00:52:29 UTC 2025
Sun Jan 12 00:57:25 UTC 2025
Mon Jan 13 00:56:04 UTC 2025
Tue Jan 14 00:49:48 UTC 2025
Wed Jan 15 00:51:19 UTC 2025
Thu Jan 16 00:50:41 UTC 2025
Fri Jan 17 00:50:34 UTC 2025
Sat Jan 18 00:48:31 UTC 2025
Sun Jan 19 00:54:38 UTC 2025
Mon Jan 20 00:51:47 UTC 2025
Tue Jan 21 00:50:42 UTC 2025
Wed Jan 22 00:52:12 UTC 2025
Thu Jan 23 00:50:53 UTC 2025
Fri Jan 24 00:51:03 UTC 2025
Sat Jan 25 00:47:25 UTC 2025
Sun Jan 26 00:52:29 UTC 2025
Mon Jan 27 00:52:08 UTC 2025
Tue Jan 28 00:51:01 UTC 2025
Wed Jan 29 00:50:56 UTC 2025
Thu Jan 30 00:50:00 UTC 2025
Fri Jan 31 00:51:15 UTC 2025
Sat Feb 1 00:54:11 UTC 2025
Sun Feb 2 00:53:47 UTC 2025
Mon Feb 3 00:52:16 UTC 2025
Tue Feb 4 00:51:18 UTC 2025
Wed Feb 5 00:51:50 UTC 2025
Thu Feb 6 00:52:00 UTC 2025
Fri Feb 7 00:52:09 UTC 2025
Sat Feb 8 00:50:25 UTC 2025
Sun Feb 9 00:54:43 UTC 2025
Mon Feb 10 00:52:55 UTC 2025
Tue Feb 11 00:51:41 UTC 2025
Wed Feb 12 00:52:00 UTC 2025
Thu Feb 13 00:52:15 UTC 2025
Fri Feb 14 00:51:42 UTC 2025
Sat Feb 15 00:51:19 UTC 2025
Sun Feb 16 00:56:20 UTC 2025
Mon Feb 17 00:54:25 UTC 2025
Tue Feb 18 00:51:41 UTC 2025
Wed Feb 19 00:52:20 UTC 2025
Thu Feb 20 00:52:27 UTC 2025
Fri Feb 21 00:52:41 UTC 2025
Sat Feb 22 00:50:32 UTC 2025
Sun Feb 23 00:56:24 UTC 2025
Mon Feb 24 00:54:22 UTC 2025
Tue Feb 25 00:53:24 UTC 2025
Wed Feb 26 00:53:21 UTC 2025
Thu Feb 27 00:53:24 UTC 2025
Fri Feb 28 00:53:39 UTC 2025
Sat Mar 1 00:57:35 UTC 2025
Sun Mar 2 00:56:42 UTC 2025
Mon Mar 3 00:55:25 UTC 2025
Tue Mar 4 00:54:19 UTC 2025
Wed Mar 5 00:54:20 UTC 2025
Thu Mar 6 00:54:18 UTC 2025
Fri Mar 7 00:54:54 UTC 2025
Sat Mar 8 00:42:06 UTC 2025
Sun Mar 9 00:46:47 UTC 2025
Mon Mar 10 00:45:06 UTC 2025
Tue Mar 11 00:54:49 UTC 2025
Wed Mar 12 00:54:02 UTC 2025
Thu Mar 13 00:54:58 UTC 2025
Fri Mar 14 00:54:08 UTC 2025
Sat Mar 15 00:53:40 UTC 2025
Sun Mar 16 00:58:52 UTC 2025
Mon Mar 17 00:56:39 UTC 2025
Tue Mar 18 00:54:43 UTC 2025
Wed Mar 19 00:55:23 UTC 2025
Thu Mar 20 00:54:31 UTC 2025
Fri Mar 21 00:55:38 UTC 2025
Sat Mar 22 00:53:58 UTC 2025
Sun Mar 23 00:59:13 UTC 2025
Mon Mar 24 00:57:15 UTC 2025
Tue Mar 25 00:56:01 UTC 2025
Wed Mar 26 00:55:33 UTC 2025
Thu Mar 27 00:55:29 UTC 2025
Fri Mar 28 00:55:23 UTC 2025
Sat Mar 29 00:54:58 UTC 2025
Sun Mar 30 01:00:14 UTC 2025
Mon Mar 31 00:59:05 UTC 2025
Tue Apr 1 01:03:04 UTC 2025
Wed Apr 2 00:56:48 UTC 2025
Thu Apr 3 00:56:05 UTC 2025
Fri Apr 4 00:55:54 UTC 2025
Sat Apr 5 00:55:03 UTC 2025
Sun Apr 6 00:59:50 UTC 2025
Mon Apr 7 00:58:10 UTC 2025
Tue Apr 8 00:56:16 UTC 2025
Wed Apr 9 00:56:27 UTC 2025
Thu Apr 10 00:56:32 UTC 2025
Fri Apr 11 00:56:49 UTC 2025
Sat Apr 12 00:55:50 UTC 2025
Sun Apr 13 02:26:07 UTC 2025
Mon Apr 14 00:59:29 UTC 2025
Tue Apr 15 00:58:06 UTC 2025
Wed Apr 16 00:57:51 UTC 2025
Thu Apr 17 00:57:01 UTC 2025
Fri Apr 18 00:56:23 UTC 2025
Sat Apr 19 00:54:37 UTC 2025
Sun Apr 20 01:01:28 UTC 2025
Mon Apr 21 01:00:29 UTC 2025
Tue Apr 22 00:57:29 UTC 2025
Wed Apr 23 00:57:55 UTC 2025
Thu Apr 24 00:57:58 UTC 2025
Fri Apr 25 00:58:08 UTC 2025
Sat Apr 26 00:56:02 UTC 2025
Sun Apr 27 01:01:30 UTC 2025
Mon Apr 28 00:59:49 UTC 2025
Tue Apr 29 00:58:03 UTC 2025
Wed Apr 30 00:58:29 UTC 2025
Thu May 1 01:04:09 UTC 2025
Fri May 2 00:58:41 UTC 2025
Sat May 3 00:57:09 UTC 2025
Sun May 4 01:04:19 UTC 2025
Mon May 5 01:01:29 UTC 2025
Tue May 6 00:59:03 UTC 2025
Wed May 7 00:59:10 UTC 2025
Thu May 8 00:59:37 UTC 2025
Fri May 9 00:59:16 UTC 2025
Sat May 10 00:56:54 UTC 2025
Sun May 11 01:03:17 UTC 2025
Mon May 12 01:01:45 UTC 2025
Tue May 13 00:59:57 UTC 2025
Wed May 14 00:59:19 UTC 2025
Thu May 15 00:57:27 UTC 2025
Fri May 16 01:00:10 UTC 2025
Sat May 17 00:58:47 UTC 2025
Sun May 18 01:03:59 UTC 2025
Mon May 19 01:02:41 UTC 2025
Tue May 20 01:00:59 UTC 2025
Wed May 21 01:00:23 UTC 2025
Thu May 22 01:00:00 UTC 2025
Fri May 23 00:59:44 UTC 2025
Sat May 24 00:57:30 UTC 2025
Sun May 25 01:05:31 UTC 2025
Mon May 26 01:01:46 UTC 2025
Tue May 27 00:59:03 UTC 2025
Wed May 28 01:00:27 UTC 2025
Thu May 29 01:00:30 UTC 2025
Fri May 30 00:59:34 UTC 2025
Sat May 31 00:59:02 UTC 2025
Sun Jun 1 01:12:38 UTC 2025
Mon Jun 2 01:03:05 UTC 2025
Tue Jun 3 01:01:35 UTC 2025
Wed Jun 4 01:01:23 UTC 2025
Thu Jun 5 01:00:27 UTC 2025
Fri Jun 6 01:00:37 UTC 2025
Sat Jun 7 01:00:02 UTC 2025
Sun Jun 8 01:06:52 UTC 2025
Mon Jun 9 01:04:31 UTC 2025
Tue Jun 10 01:01:59 UTC 2025
Wed Jun 11 01:01:37 UTC 2025
Thu Jun 12 01:00:54 UTC 2025
Fri Jun 13 01:01:52 UTC 2025
Sat Jun 14 00:59:12 UTC 2025
Sun Jun 15 01:08:06 UTC 2025
Mon Jun 16 01:03:42 UTC 2025
Tue Jun 17 01:01:30 UTC 2025
Wed Jun 18 01:01:32 UTC 2025
Thu Jun 19 01:01:42 UTC 2025
Fri Jun 20 01:01:19 UTC 2025
Sat Jun 21 01:00:33 UTC 2025
Sun Jun 22 01:07:28 UTC 2025
Mon Jun 23 01:05:31 UTC 2025
Tue Jun 24 01:02:08 UTC 2025
Wed Jun 25 01:02:37 UTC 2025
Thu Jun 26 01:01:45 UTC 2025
Fri Jun 27 01:02:31 UTC 2025
Sat Jun 28 01:00:12 UTC 2025
Sun Jun 29 01:09:03 UTC 2025
Mon Jun 30 01:06:16 UTC 2025
Tue Jul 1 01:09:15 UTC 2025
Wed Jul 2 01:02:16 UTC 2025
Thu Jul 3 01:02:03 UTC 2025
Fri Jul 4 01:01:39 UTC 2025
Sat Jul 5 00:59:30 UTC 2025
Sun Jul 6 01:08:11 UTC 2025
Mon Jul 7 01:06:25 UTC 2025
Tue Jul 8 01:02:40 UTC 2025
Wed Jul 9 01:03:27 UTC 2025
Thu Jul 10 01:03:20 UTC 2025
Fri Jul 11 01:03:54 UTC 2025
Sat Jul 12 01:05:44 UTC 2025
Sun Jul 13 01:10:05 UTC 2025
Mon Jul 14 01:07:15 UTC 2025
Tue Jul 15 01:06:32 UTC 2025
Wed Jul 16 01:05:04 UTC 2025
Thu Jul 17 01:05:31 UTC 2025
Fri Jul 18 01:04:54 UTC 2025
Sat Jul 19 01:03:22 UTC 2025
Sun Jul 20 01:11:50 UTC 2025
Mon Jul 21 01:09:11 UTC 2025
Tue Jul 22 01:05:24 UTC 2025
Wed Jul 23 01:06:38 UTC 2025
Thu Jul 24 01:05:43 UTC 2025
Fri Jul 25 01:05:20 UTC 2025
Sat Jul 26 01:03:45 UTC 2025
Sun Jul 27 01:11:53 UTC 2025
Mon Jul 28 01:10:16 UTC 2025
Tue Jul 29 01:13:09 UTC 2025
Wed Jul 30 01:06:43 UTC 2025
Thu Jul 31 01:06:48 UTC 2025
Fri Aug 1 01:14:12 UTC 2025
Sat Aug 2 01:03:51 UTC 2025
Sun Aug 3 01:13:23 UTC 2025
Mon Aug 4 01:12:08 UTC 2025
Tue Aug 5 01:08:29 UTC 2025
Wed Aug 6 01:07:01 UTC 2025
Thu Aug 7 01:07:34 UTC 2025
Fri Aug 8 01:07:17 UTC 2025
Sat Aug 9 01:01:24 UTC 2025
Sun Aug 10 01:10:50 UTC 2025
Mon Aug 11 01:08:08 UTC 2025
Tue Aug 12 01:01:15 UTC 2025
Wed Aug 13 01:02:29 UTC 2025
Thu Aug 14 01:02:59 UTC 2025
Fri Aug 15 01:03:06 UTC 2025
Sat Aug 16 01:00:05 UTC 2025
Sun Aug 17 01:07:24 UTC 2025
Mon Aug 18 01:06:33 UTC 2025
Tue Aug 19 01:00:10 UTC 2025
Wed Aug 20 00:58:24 UTC 2025
Thu Aug 21 00:57:20 UTC 2025
Fri Aug 22 00:58:17 UTC 2025
Sat Aug 23 00:56:15 UTC 2025
Sun Aug 24 01:04:55 UTC 2025
Mon Aug 25 01:00:35 UTC 2025
Tue Aug 26 00:59:15 UTC 2025
Wed Aug 27 00:57:30 UTC 2025
Thu Aug 28 00:56:43 UTC 2025
Fri Aug 29 00:56:51 UTC 2025
Sat Aug 30 00:54:10 UTC 2025
Sun Aug 31 01:00:56 UTC 2025
Mon Sep 1 01:07:15 UTC 2025
Tue Sep 2 00:57:45 UTC 2025
Wed Sep 3 00:54:06 UTC 2025
Thu Sep 4 00:54:09 UTC 2025
Fri Sep 5 00:55:34 UTC 2025
Sat Sep 6 00:54:10 UTC 2025
Sun Sep 7 01:00:16 UTC 2025
Mon Sep 8 00:59:00 UTC 2025
Tue Sep 9 00:56:22 UTC 2025
Wed Sep 10 00:54:57 UTC 2025
Thu Sep 11 00:55:58 UTC 2025
Fri Sep 12 00:53:54 UTC 2025
Sat Sep 13 00:51:43 UTC 2025
Sun Sep 14 00:59:19 UTC 2025
Mon Sep 15 00:59:39 UTC 2025
Tue Sep 16 00:55:01 UTC 2025
Wed Sep 17 00:54:50 UTC 2025
Thu Sep 18 00:54:23 UTC 2025
Fri Sep 19 00:56:41 UTC 2025
Sat Sep 20 00:53:15 UTC 2025
Sun Sep 21 01:00:49 UTC 2025
Mon Sep 22 01:00:20 UTC 2025
Tue Sep 23 00:54:57 UTC 2025
Wed Sep 24 00:55:53 UTC 2025
Thu Sep 25 00:55:59 UTC 2025
Fri Sep 26 00:55:26 UTC 2025
Sat Sep 27 00:53:40 UTC 2025
Sun Sep 28 01:01:40 UTC 2025
Mon Sep 29 00:57:30 UTC 2025
Tue Sep 30 00:56:25 UTC 2025
Wed Oct 1 01:02:33 UTC 2025
Thu Oct 2 00:54:52 UTC 2025
Fri Oct 3 00:54:40 UTC 2025
Sat Oct 4 00:52:10 UTC 2025
Sun Oct 5 01:00:51 UTC 2025
Mon Oct 6 00:56:38 UTC 2025
Tue Oct 7 00:55:30 UTC 2025
Wed Oct 8 00:55:10 UTC 2025
Thu Oct 9 00:56:06 UTC 2025
Fri Oct 10 00:55:33 UTC 2025
Sat Oct 11 00:53:10 UTC 2025
Sun Oct 12 00:58:30 UTC 2025
Mon Oct 13 01:00:00 UTC 2025
Tue Oct 14 00:55:48 UTC 2025
Wed Oct 15 00:57:22 UTC 2025
Thu Oct 16 00:57:11 UTC 2025
Fri Oct 17 00:56:40 UTC 2025
Sat Oct 18 00:53:59 UTC 2025
Sun Oct 19 01:03:23 UTC 2025
Mon Oct 20 01:01:13 UTC 2025
Tue Oct 21 00:58:25 UTC 2025
Wed Oct 22 00:59:36 UTC 2025
Thu Oct 23 00:57:54 UTC 2025
Fri Oct 24 00:54:23 UTC 2025
Sat Oct 25 00:56:17 UTC 2025
Sun Oct 26 01:01:30 UTC 2025
Mon Oct 27 01:02:58 UTC 2025
Tue Oct 28 00:56:47 UTC 2025
Wed Oct 29 01:00:50 UTC 2025
Thu Oct 30 01:00:33 UTC 2025
Fri Oct 31 00:58:41 UTC 2025
Sat Nov 1 01:01:59 UTC 2025
Sun Nov 2 01:02:41 UTC 2025
Mon Nov 3 01:01:51 UTC 2025
Tue Nov 4 00:59:05 UTC 2025
Wed Nov 5 01:00:42 UTC 2025
Thu Nov 6 00:59:44 UTC 2025
Fri Nov 7 00:59:14 UTC 2025
Sat Nov 8 00:56:08 UTC 2025
Sun Nov 9 01:02:35 UTC 2025
Mon Nov 10 01:02:24 UTC 2025
Tue Nov 11 01:00:38 UTC 2025
Wed Nov 12 01:00:13 UTC 2025
Thu Nov 13 01:00:13 UTC 2025
Fri Nov 14 00:59:55 UTC 2025
Sat Nov 15 00:58:39 UTC 2025
Sun Nov 16 01:04:16 UTC 2025
Mon Nov 17 01:01:16 UTC 2025
Tue Nov 18 00:59:32 UTC 2025
Wed Nov 19 00:59:58 UTC 2025
Thu Nov 20 00:58:41 UTC 2025
Fri Nov 21 00:59:19 UTC 2025
Sat Nov 22 00:57:21 UTC 2025
Sun Nov 23 01:08:00 UTC 2025
Mon Nov 24 01:03:52 UTC 2025
Tue Nov 25 00:59:37 UTC 2025
Wed Nov 26 01:00:21 UTC 2025
Thu Nov 27 00:59:07 UTC 2025
Fri Nov 28 00:58:12 UTC 2025
Sat Nov 29 00:58:39 UTC 2025
Sun Nov 30 01:07:38 UTC 2025
Mon Dec 1 01:12:28 UTC 2025
Tue Dec 2 01:01:24 UTC 2025
Wed Dec 3 01:01:36 UTC 2025
Thu Dec 4 01:01:27 UTC 2025
Fri Dec 5 01:01:47 UTC 2025
Sat Dec 6 00:58:43 UTC 2025
Sun Dec 7 01:07:46 UTC 2025
Mon Dec 8 01:02:18 UTC 2025
Tue Dec 9 01:01:34 UTC 2025
Wed Dec 10 01:03:20 UTC 2025
Thu Dec 11 01:03:51 UTC 2025
Fri Dec 12 01:03:35 UTC 2025
Sat Dec 13 00:59:32 UTC 2025
Sun Dec 14 01:08:12 UTC 2025
Mon Dec 15 01:05:53 UTC 2025
Tue Dec 16 01:03:59 UTC 2025
Wed Dec 17 00:59:22 UTC 2025
Thu Dec 18 01:00:33 UTC 2025
Fri Dec 19 01:03:45 UTC 2025
Sat Dec 20 00:59:53 UTC 2025
Sun Dec 21 01:08:06 UTC 2025
Mon Dec 22 01:06:41 UTC 2025
Tue Dec 23 01:03:39 UTC 2025
Wed Dec 24 01:02:41 UTC 2025
Thu Dec 25 01:03:39 UTC 2025
Fri Dec 26 01:03:47 UTC 2025
Sat Dec 27 01:02:02 UTC 2025
Sun Dec 28 01:11:16 UTC 2025
Mon Dec 29 01:09:10 UTC 2025
Tue Dec 30 01:03:59 UTC 2025
Wed Dec 31 01:05:29 UTC 2025
Thu Jan 1 01:11:26 UTC 2026
Fri Jan 2 01:05:23 UTC 2026
Sat Jan 3 01:01:11 UTC 2026
Sun Jan 4 01:12:20 UTC 2026
Mon Jan 5 01:10:46 UTC 2026
Tue Jan 6 01:05:03 UTC 2026
Wed Jan 7 01:05:44 UTC 2026
Thu Jan 8 01:05:24 UTC 2026
Fri Jan 9 01:06:11 UTC 2026
Sat Jan 10 01:03:41 UTC 2026
Sun Jan 11 01:12:12 UTC 2026
Mon Jan 12 01:08:52 UTC 2026
Tue Jan 13 01:02:15 UTC 2026
Wed Jan 14 01:08:04 UTC 2026
Thu Jan 15 01:03:45 UTC 2026
Fri Jan 16 01:06:16 UTC 2026
Sat Jan 17 01:03:18 UTC 2026
Sun Jan 18 01:10:57 UTC 2026
Mon Jan 19 01:10:16 UTC 2026
Tue Jan 20 01:05:18 UTC 2026
Wed Jan 21 01:07:22 UTC 2026
Thu Jan 22 01:07:21 UTC 2026
Fri Jan 23 01:07:19 UTC 2026
Sat Jan 24 01:04:09 UTC 2026
Sun Jan 25 01:13:04 UTC 2026
Mon Jan 26 01:11:46 UTC 2026
Tue Jan 27 01:10:35 UTC 2026
Wed Jan 28 01:06:39 UTC 2026
Thu Jan 29 01:16:26 UTC 2026
Fri Jan 30 01:15:55 UTC 2026
Sat Jan 31 01:13:06 UTC 2026
